\BOOKMARK [1][-]{section.1}{\376\377\137\025\212\000}{}% 1
\BOOKMARK [1][-]{section.2}{\376\377\166\370\121\163\135\345\117\134}{}% 2
\BOOKMARK [2][-]{subsection.2.1}{\376\377\127\372\116\216\000\040\000C\000L\000I\000P\000\040\166\204\226\366\150\067\147\054\137\002\136\070\150\300\155\113}{section.2}% 3
\BOOKMARK [2][-]{subsection.2.2}{\376\377\123\314\146\362\137\002\136\070\210\150\137\201}{section.2}% 4
\BOOKMARK [2][-]{subsection.2.3}{\376\377\147\000\117\030\117\040\217\223\116\016\227\136\136\163\210\141\117\040\217\223}{section.2}% 5
\BOOKMARK [2][-]{subsection.2.4}{\376\377\116\000\174\173\116\016\137\000\145\076\226\306\211\306\211\322}{section.2}% 6
\BOOKMARK [1][-]{section.3}{\376\377\145\271\154\325}{}% 7
\BOOKMARK [2][-]{subsection.3.1}{\376\377\225\356\230\230\133\232\116\111}{section.3}% 8
\BOOKMARK [2][-]{subsection.3.2}{\376\377\153\143\136\070\140\047\225\032\160\271}{section.3}% 9
\BOOKMARK [2][-]{subsection.3.3}{\376\377\000P\000a\000t\000c\000h\000-\000t\000o\000-\000a\000n\000c\000h\000o\000r\000\040\116\343\116\367}{section.3}% 10
\BOOKMARK [2][-]{subsection.3.4}{\376\377\123\357\142\322\176\335\153\143\136\070\140\047\143\245\145\066}{section.3}% 11
\BOOKMARK [2][-]{subsection.3.5}{\376\377\137\002\136\070\122\006\145\160}{section.3}% 12
\BOOKMARK [2][-]{subsection.3.6}{\376\377\131\015\147\102\136\246}{section.3}% 13
\BOOKMARK [1][-]{section.4}{\376\377\133\236\232\214}{}% 14
\BOOKMARK [2][-]{subsection.4.1}{\376\377\123\117\213\256}{section.4}% 15
\BOOKMARK [2][-]{subsection.4.2}{\376\377\116\073\133\236\232\214\153\324\217\203}{section.4}% 16
\BOOKMARK [2][-]{subsection.4.3}{\376\377\147\072\122\066\155\210\207\215}{section.4}% 17
\BOOKMARK [2][-]{subsection.4.4}{\376\377\133\232\140\047\213\301\143\156}{section.4}% 18
\BOOKMARK [2][-]{subsection.4.5}{\376\377\142\020\122\237\150\007\121\306}{section.4}% 19
\BOOKMARK [1][-]{section.5}{\376\377\213\250\213\272}{}% 20
\BOOKMARK [1][-]{section.6}{\376\377\134\100\226\120\140\047}{}% 21
\BOOKMARK [1][-]{section.7}{\376\377\176\323\213\272}{}% 22
