\BOOKMARK [1][-]{section.1}{\376\377\137\025\212\000}{}% 1
\BOOKMARK [1][-]{section.2}{\376\377\166\370\121\163\135\345\117\134}{}% 2
\BOOKMARK [2][-]{subsection.2.1}{\376\377\127\372\116\216\000\040\000C\000L\000I\000P\000\040\166\204\226\366\150\067\147\054\137\002\136\070\133\232\117\115}{section.2}% 3
\BOOKMARK [2][-]{subsection.2.2}{\376\377\123\314\146\362\210\150\137\201\116\016\211\306\211\311\213\355\212\000\176\323\147\204}{section.2}% 4
\BOOKMARK [2][-]{subsection.2.3}{\376\377\147\000\117\030\117\040\217\223\060\001\227\136\136\163\210\141\117\040\217\223\116\016\147\052\123\071\221\115\153\324\117\213}{section.2}% 5
\BOOKMARK [2][-]{subsection.2.4}{\376\377\116\000\174\173\137\002\136\070\150\300\155\113\116\016\137\000\145\076\226\306\213\306\122\053}{section.2}% 6
\BOOKMARK [1][-]{section.3}{\376\377\145\271\154\325}{}% 7
\BOOKMARK [2][-]{subsection.3.1}{\376\377\225\356\230\230\133\232\116\111}{section.3}% 8
\BOOKMARK [2][-]{subsection.3.2}{\376\377\153\143\136\070\140\047\225\032\160\271}{section.3}% 9
\BOOKMARK [2][-]{subsection.3.3}{\376\377\123\314\146\362\153\143\136\070\140\047\116\343\116\367}{section.3}% 10
\BOOKMARK [2][-]{subsection.3.4}{\376\377\227\136\136\163\210\141\213\355\116\111\117\040\217\223}{section.3}% 11
\BOOKMARK [2][-]{subsection.3.5}{\376\377\137\002\136\070\122\006\145\160}{section.3}% 12
\BOOKMARK [2][-]{subsection.3.6}{\376\377\143\250\164\006\131\015\147\102\136\246\116\016\123\357\210\145\121\105\140\047\215\050}{section.3}% 13
\BOOKMARK [1][-]{section.4}{\376\377\133\236\232\214\213\276\213\241\116\016\137\205\130\153\176\323\147\234}{}% 14
\BOOKMARK [2][-]{subsection.4.1}{\376\377\133\236\232\214\225\356\230\230}{section.4}% 15
\BOOKMARK [2][-]{subsection.4.2}{\376\377\145\160\143\156\226\306\060\001\123\117\213\256\116\016\143\007\150\007}{section.4}% 16
\BOOKMARK [2][-]{subsection.4.3}{\376\377\116\073\133\236\232\214\153\324\217\203}{section.4}% 17
\BOOKMARK [2][-]{subsection.4.4}{\376\377\117\040\217\223\152\041\137\017\155\210\207\215}{section.4}% 18
\BOOKMARK [2][-]{subsection.4.5}{\376\377\116\343\116\367\174\173\127\213\155\210\207\215}{section.4}% 19
\BOOKMARK [2][-]{subsection.4.6}{\376\377\137\002\136\070\117\341\123\367\122\006\211\343}{section.4}% 20
\BOOKMARK [2][-]{subsection.4.7}{\376\377\000L\000e\000a\000r\000n\000e\000d\000\040\000P\000r\000o\000m\000p\000t\000\040\225\032\160\271\215\037\133\371\161\147}{section.4}% 21
\BOOKMARK [2][-]{subsection.4.8}{\376\377\147\072\122\066\123\357\211\306\123\026\060\001\145\117\141\037\140\047\116\016\145\110\163\207}{section.4}% 22
\BOOKMARK [1][-]{section.5}{\376\377\213\250\213\272}{}% 23
\BOOKMARK [1][-]{section.6}{\376\377\134\100\226\120\140\047}{}% 24
\BOOKMARK [1][-]{section.7}{\376\377\176\323\213\272}{}% 25
